Last login: Tue Sep 29 09:32:30 on ttys000
D-173-250-137-24:~ caterina$ ls ~/.gitconfig
ls: /Users/caterina/.gitconfig: No such file or directory
D-173-250-137-24:~ caterina$ git config --global user.name "Caterina Rost"
xcode-select: note: no developer tools were found at '/Applications/Xcode.app', requesting install. Choose an option in the dialog to download the command line developer tools.
D-173-250-137-24:~ caterina$ git config --global user.name "Caterina Rost"
D-173-250-137-24:~ caterina$ git config --global user.email caterina.rost@gmail.com
D-173-250-137-24:~ caterina$ git config --global color.ui "auto"
D-173-250-137-24:~ caterina$ cat ~/.gitconfig
[user]
	name = Caterina Rost
	email = caterina.rost@gmail.com
[color]
	ui = auto
D-173-250-137-24:~ caterina$ mkdir git-test
D-173-250-137-24:~ caterina$ ls
#.bash_profile#					Pictures
Applications					Public
Data						Python Bootscamp.ipynb
Desktop						Sites
Documents					anaconda
Downloads					comments.csv
Dropbox						git-test
Google Drive					matplotlib-exercises.ipynb
Hello.py					points&comments.csv
IHME_PHMRC_VA_DATA_ADULT_Y2013M09D11_0.csv	python-seminar-2015-master
Library						python-seminar-2015-master.zip
Movies						untitled.txt
Music
D-173-250-137-24:~ caterina$ cd git-test/
D-173-250-137-24:git-test caterina$ pwd
/Users/caterina/git-test
D-173-250-137-24:git-test caterina$ git init
Initialized empty Git repository in /Users/caterina/git-test/.git/
D-173-250-137-24:git-test caterina$ ls
D-173-250-137-24:git-test caterina$ ls -a
.	..	.git
D-173-250-137-24:git-test caterina$ ls .git
HEAD		config		hooks		objects
branches	description	info		refs
D-173-250-137-24:git-test caterina$ nano README.md
D-173-250-137-24:git-test caterina$ open -a
open: option requires an argument -- a
Usage: open [-e] [-t] [-f] [-W] [-R] [-n] [-g] [-h] [-b <bundle identifier>] [-a <application>] [filenames] [--args arguments]
Help: Open opens files from a shell.
      By default, opens each file using the default application for that file.  
      If the file is in the form of a URL, the file will be opened as a URL.
Options: 
      -a                Opens with the specified application.
      -b                Opens with the specified application bundle identifier.
      -e                Opens with TextEdit.
      -t                Opens with default text editor.
      -f                Reads input from standard input and opens with TextEdit.
      -F  --fresh       Launches the app fresh, that is, without restoring windows. Saved persistent state is lost, excluding Untitled documents.
      -R, --reveal      Selects in the Finder instead of opening.
      -W, --wait-apps   Blocks until the used applications are closed (even if they were already running).
          --args        All remaining arguments are passed in argv to the application's main() function instead of opened.
      -n, --new         Open a new instance of the application even if one is already running.
      -j, --hide        Launches the app hidden.
      -g, --background  Does not bring the application to the foreground.
      -h, --header      Searches header file locations for headers matching the given filenames, and opens them.
D-173-250-137-24:git-test caterina$ open -a textedit readme.md
D-173-250-137-24:git-test caterina$ git commit -m "Add initial version of README"
On branch master

Initial commit

Untracked files:
	README.md

nothing added to commit but untracked files present
D-173-250-137-24:git-test caterina$ git status
On branch master

Initial commit

Untracked files:
  (use "git add <file>..." to include in what will be committed)

	README.md

nothing added to commit but untracked files present (use "git add" to track)
D-173-250-137-24:git-test caterina$ ls
README.md
D-173-250-137-24:git-test caterina$ git status
On branch master

Initial commit

Untracked files:
  (use "git add <file>..." to include in what will be committed)

	README.md

nothing added to commit but untracked files present (use "git add" to track)
D-173-250-137-24:git-test caterina$ git log
fatal: bad default revision 'HEAD'
D-173-250-137-24:git-test caterina$ git add file1.txt
fatal: pathspec 'file1.txt' did not match any files
D-173-250-137-24:git-test caterina$ git status
On branch master

Initial commit

Untracked files:
  (use "git add <file>..." to include in what will be committed)

	README.md

nothing added to commit but untracked files present (use "git add" to track)
D-173-250-137-24:git-test caterina$ git add file1.txt
fatal: pathspec 'file1.txt' did not match any files
D-173-250-137-24:git-test caterina$ emacs file1.txt

Hello 


...





































-uuu:**-F1  file1.txt      All L5     (Text)-----------------------------------------------------------------------

